{
	"InterfaceName": "Foo.IConfigProps",
	"SourceFile": "",
	"Methods": [],
	"Properties": [
		"SomeUrl",
		"SomeDate"
	]
}