{
	"Foo": {
		"InterfaceName": "IConfigProps",
		"SourceFile": "",
		"Properties": [
			"SomeUrl",
			"SomeDate"
		]
	}
}