{
	"Foo": {
		"InterfaceName": "ISomeMagicSauce",
		"SourceFile": "",
		"Methods": [
			{
			"MethodName": "Boom",
			"ReturnType": "void",
			"Parameters": [
				{
				"ParameterType": "DateTime?",
				"ParameterName": "someNullableTimeSlice",
				"ParameterDefinition": "DateTime? someNullableTimeSlice"
				}
			]
			},
			{
			"MethodName": "ReturnSomeTuple",
			"ReturnType": "(string hello, bool valid)",
			"Parameters": [
				{
				"ParameterType": "char",
				"ParameterName": "c",
				"ParameterDefinition": "char c"
				}
			]
			},
			{
			"MethodName": "Exists",
			"ReturnType": "bool",
			"Parameters": [
				{
				"ParameterType": "string",
				"ParameterName": "interfaceName",
				"ParameterDefinition": "string interfaceName"
				}
			]
			},
			{
			"MethodName": "GetStuffAsync",
			"ReturnType": "Task<IEnumerable<double>>",
			"Parameters": [
				{
				"ParameterType": "IReadOnlyDictionary<int, IEnumerable<double>>",
				"ParameterName": "transformData",
				"ParameterDefinition": "IReadOnlyDictionary<int, IEnumerable<double>> transformData"
				}
			]
			}
		],
		"Properties": [
			"SomeUrl",
			"SomeDate"
		]
	}
}