{
	"bugrepro": {
		"InterfaceName": "IThing",
		"SourceFile": "",
		"Methods": [
			{
				"MethodName": "DoThing",
				"ReturnType": "void",
				"Parameters": []
			}
		]
	},
	"bugrepro.Tests": {
		"InterfaceName": "IThing",
		"SourceFile": "",
		"Methods": [
			{
				"MethodName": "OtherThing",
				"ReturnType": "void",
				"Parameters": []
			}
		]
	}
}