{
	"bugrepro": {
		"InterfaceName": "IThing",
		"SourceFile": "",
		"Methods": [],
		"Properties": [
			"AThingString"
		]
	},
	"bugrepro.Tests": {
		"InterfaceName": "IThing",
		"SourceFile": "",
		"Methods": [],
		"Properties": [
			"AnotherThingString"
		]
	}
}