{
	"Foo": {
		"InterfaceName": "IGenericService",
		"InterfaceNameWithGenerics": "IGenericService<TSource, TResult>",
		"SourceFile": "",
		"Methods": [
			{
				"MethodName": "TransformSource",
				"ReturnType": "IEnumerable<TResult>",
				"Parameters": [
					{
						"ParameterType": "IEnumerable<TSource>",
						"ParameterName": "items",
						"ParameterDefinition": "IEnumerable<TSource> items"
					}
				]
			}
		],
		"Properties": []
	}
}