{
	"Foo": {
		"InterfaceName": "IHasIndexer",
		"SourceFile": "",
		"Indexer": {
			"KeyType": "string",
			"ReturnType": "string",
			"HasGet": true,
			"HasSet": true
		}
	}
}