<< begin FooNamespace
			var stringAnalyzer = new Mock<IStringAnalyzer>();
			Expression<Func<IStringAnalyzer, int>> howManyItems = x =>
				x.HowManyItems(It.IsAny<string>(), It.IsAny<char>());

			stringAnalyzer
				.Setup(howManyItems)
				.Returns((string patient, char charToCount) =>
				{
					return default;
				});

			stringAnalyzer.Verify(howManyItems, Times.Once);
end FooNamespace >>