{
	"FooNamespace" : "\t\t\tvar someMagicSauce = new Mock<ISomeMagicSauce>();\r\n\r\n\t\t\tsomeMagicSauce.SetupGet(x => x.SomeUrl).Returns(/* fill me in */);\r\n\t\t\tsomeMagicSauce.SetupGet(x => x.SomeDate).Returns(/* fill me in */);\r\n\r\n\t\t\tExpression<Action<ISomeMagicSauce>> boom = x => x.Boom(It.IsAny<DateTime?>());\r\n\t\t\tsomeMagicSauce\r\n\t\t\t\t.Setup(boom)\r\n\t\t\t\t.Callback((DateTime? someNullableTimeSlice) =>\r\n\t\t\t\t{\r\n\t\t\t\t\treturn;\r\n\t\t\t\t});\r\n\r\n\t\t\tExpression<Func<ISomeMagicSauce, (string hello, bool valid)>> returnSomeTuple = x => x.ReturnSomeTuple(It.IsAny<char>());\r\n\t\t\tsomeMagicSauce\r\n\t\t\t\t.Setup(returnSomeTuple)\r\n\t\t\t\t.Returns((char c) =>\r\n\t\t\t\t{\r\n\t\t\t\t\treturn default;\r\n\t\t\t\t});\r\n\r\n\t\t\tExpression<Func<ISomeMagicSauce, bool>> exists = x => x.Exists(It.IsAny<string>());\r\n\t\t\tsomeMagicSauce\r\n\t\t\t\t.Setup(exists)\r\n\t\t\t\t.Returns((string interfaceName) =>\r\n\t\t\t\t{\r\n\t\t\t\t\treturn default;\r\n\t\t\t\t});\r\n\r\n\t\t\tExpression<Func<ISomeMagicSauce, Task<IEnumerable<double>>>> getStuffAsync = x => x.GetStuffAsync(It.IsAny<IReadOnlyDictionary<int, IEnumerable<double>>>());\r\n\t\t\tsomeMagicSauce\r\n\t\t\t\t.Setup(getStuffAsync)\r\n\t\t\t\t.Returns((IReadOnlyDictionary<int, IEnumerable<double>> transformData) =>\r\n\t\t\t\t{\r\n\t\t\t\t\treturn default;\r\n\t\t\t\t});\r\n\r\n\t\t\tsomeMagicSauce.Verify(boom, Times.Once);\r\n\t\t\tsomeMagicSauce.Verify(returnSomeTuple, Times.Once);\r\n\t\t\tsomeMagicSauce.Verify(exists, Times.Once);\r\n\t\t\tsomeMagicSauce.Verify(getStuffAsync, Times.Once);"
}