<< begin FooNamespace
			var genericService = new Mock<IGenericService<float, double>>();

			Expression<Func<IGenericService<float, double>, IEnumerable<double>>> transformSource = x =>
				x.TransformSource(It.IsAny<IEnumerable<float>>());

			genericService
				.Setup(transformSource)
				.Returns((IEnumerable<float> items) =>
				{
					return default;
				});

			Expression<Action<IGenericService<float, double>>> increment = x =>
				x.Increment(It.IsAny<string>(), It.IsAny<int>());

			genericService
				.Setup(increment)
				.Callback((string name, int value) =>
				{
					return;
				});

			genericService.Verify(transformSource, Times.Once);
			genericService.Verify(increment, Times.Once);
end FooNamespace >>