<< begin FooNamespace
			var hasListStringByLongIndexer = new Mock<IHasListStringByLongIndexer>();

			var hasListStringByLongIndexerStore = new Dictionary<long, List<string>>();
			hasListStringByLongIndexer
				.Setup(x => x[It.IsAny<long>()])
				.Returns((long key) => hasListStringByLongIndexerStore[key]);
			hasListStringByLongIndexer
				.SetupSet(x => x[It.IsAny<long>()] = It.IsAny<List<string>>())
				.Callback((long key, List<string> value) => hasListStringByLongIndexerStore[key] = value);
end FooNamespace >>