[
  {
    "Range": {
      "start": {
        "line": 13,
        "character": 3
      },
      "end": {
        "line": 13,
        "character": 18
      }
    },
    "Severity": 4,
    "Code": "BoilerMoq001",
    "Source": "BoilerMoq",
    "Message": "We can generate basic Moq code for you from this interface name!",
    "Data": null
  }
]