			var wassupNull = new Mock<IWassupNull>();
			Expression<Action<IWassupNull>> boom = x => x.Boom(It.IsAny<DateTime?>());
			wassupNull
				.Setup(boom)
				.Callback((DateTime? mostFuLlStAcKeNgInEeRsTooStupidForNulls) =>
				{
					return;
				});

			wassupNull.Verify(boom, Times.Once);