{
	"CurrentIndentationLevel": 3,
	"IndentString": "\t",
	"WorshipsFalseIndentGod": false
}