{
	"CurrentIndentationLevel": 3,
	"IndentString": "    ",
	"WorshipsFalseIndentGod": true
}