{
	"CurrentIndentationLevel": 12,
	"IndentString": "       ",
	"WorshipsFalseIndentGod": true
}