{
	"CurrentIndentationLevel": 4,
	"IndentString": "\t",
	"WorshipsFalseIndentGod": true
}