{
	"CurrentIndentationLevel": 1,
	"IndentString": "\t",
	"WorshipsFalseIndentGod": false
}