{
	"CurrentIndentationLevel": 1,
	"IndentString": "    ",
	"WorshipsFalseIndentGod": true
}