 {
	"CurrentIndentationLevel": 4,
	"IndentString": "\t",
	"WorshipsFalseIndentGod": false
}