 {
	"CurrentIndentationLevel": 0,
	"IndentString": "        ",
	"WorshipsFalseIndentGod": true
}