{
	"CurrentIndentationLevel": 3,
	"IndentString": "\t"
}