using System;
using System.Linq.Expressions;

using Moq;
using NUnit.Framework;

namespace UnitTests.Features.TestData
{
	public interface IStringAnalyzer
	{
		int HowManyItems(string patient, char charToCount);
	}

	public class StringAnalyzerTests
	{
		[Test]
		public void HappyPath()
		{
			var stringAnalyzer = new Mock<IStringAnalyzer>();
			Expression<Func<IStringAnalyzer, int>> howManyItems = x => x.HowManyItems(It.IsAny<string>(), It.IsAny<char>());
			stringAnalyzer
				.Setup(howManyItems)
				.Returns((string patient, char charToCount) =>
				{
					return 0;
				});

			stringAnalyzer.Verify(howManyItems, Times.Once);
		}
	}
}